INFO:  Found the required file in cache!  Carla/Maps/Nav/Town01.bin 
INFO:  Found the required file in cache!  Carla/Maps/Nav/Town01.bin 
INFO:  Found the required file in cache!  Carla/Maps/TM/Town01.bin 
ERROR: failed to destroy actor 8918 : unable to destroy actor: not found 
INFO:  Found the required file in cache!  Carla/Maps/TM/Town01.bin 
ERROR: failed to destroy actor 8875 : unable to destroy actor: not found 
ERROR: failed to destroy actor 8877 : unable to destroy actor: not found 
ERROR: failed to destroy actor 8879 : unable to destroy actor: not found 
ERROR: failed to destroy actor 8881 : unable to destroy actor: not found 
ERROR: failed to destroy actor 8883 : unable to destroy actor: not found 
ERROR: failed to destroy actor 8885 : unable to destroy actor: not found 
ERROR: failed to destroy actor 8887 : unable to destroy actor: not found 
ERROR: failed to destroy actor 8889 : unable to destroy actor: not found 
ERROR: failed to destroy actor 8891 : unable to destroy actor: not found 
ERROR: failed to destroy actor 8894 : unable to destroy actor: not found 
ERROR: failed to destroy actor 8897 : unable to destroy actor: not found 
ERROR: failed to destroy actor 8900 : unable to destroy actor: not found 
ERROR: failed to destroy actor 8902 : unable to destroy actor: not found 
ERROR: failed to destroy actor 8904 : unable to destroy actor: not found 
ERROR: failed to destroy actor 8906 : unable to destroy actor: not found 
ERROR: failed to destroy actor 8908 : unable to destroy actor: not found 
ERROR: failed to destroy actor 8910 : unable to destroy actor: not found 
ERROR: failed to destroy actor 8912 : unable to destroy actor: not found 
ERROR: failed to destroy actor 8914 : unable to destroy actor: not found 
ERROR: failed to destroy actor 8916 : unable to destroy actor: not found 
ERROR: failed to destroy actor 8876 : unable to destroy actor: not found 
ERROR: failed to destroy actor 8880 : unable to destroy actor: not found 
ERROR: failed to destroy actor 8884 : unable to destroy actor: not found 
ERROR: failed to destroy actor 8888 : unable to destroy actor: not found 
ERROR: failed to destroy actor 8893 : unable to destroy actor: not found 
ERROR: failed to destroy actor 8899 : unable to destroy actor: not found 
ERROR: failed to destroy actor 8903 : unable to destroy actor: not found 
ERROR: failed to destroy actor 8907 : unable to destroy actor: not found 
ERROR: failed to destroy actor 8911 : unable to destroy actor: not found 
ERROR: failed to destroy actor 8915 : unable to destroy actor: not found 
ERROR: failed to destroy actor 8878 : unable to destroy actor: not found 
ERROR: failed to destroy actor 8886 : unable to destroy actor: not found 
ERROR: failed to destroy actor 8896 : unable to destroy actor: not found 
ERROR: failed to destroy actor 8905 : unable to destroy actor: not found 
ERROR: failed to destroy actor 8913 : unable to destroy actor: not found 
ERROR: failed to destroy actor 8882 : unable to destroy actor: not found 
ERROR: failed to destroy actor 8901 : unable to destroy actor: not found 
ERROR: failed to destroy actor 8917 : unable to destroy actor: not found 
ERROR: failed to destroy actor 8890 : unable to destroy actor: not found 
ERROR: failed to destroy actor 8909 : unable to destroy actor: not found 
INFO:  streaming client: connection failed: An operation on a socket could not be performed because the system lacked sufficient buffer space or because a queue was full 
INFO:  streaming client: connection failed: An operation was attempted on something that is not a socket 
ERROR: failed to destroy actor 8919 : unable to destroy actor: not found 
ERROR: failed to destroy actor 8920 : unable to destroy actor: not found 
ERROR: failed to destroy actor 8921 : unable to destroy actor: not found 
ERROR: failed to destroy actor 8922 : unable to destroy actor: not found 
ERROR: failed to destroy actor 8923 : unable to destroy actor: not found 
ERROR: failed to destroy actor 8924 : unable to destroy actor: not found 
ERROR: failed to destroy actor 8925 : unable to destroy actor: not found 
ERROR: failed to destroy actor 8926 : unable to destroy actor: not found 
ERROR: failed to destroy actor 8927 : unable to destroy actor: not found 
ERROR: failed to destroy actor 8928 : unable to destroy actor: not found 
ERROR: failed to destroy actor 8929 : unable to destroy actor: not found 
ERROR: failed to destroy actor 8930 : unable to destroy actor: not found 
ERROR: failed to destroy actor 8931 : unable to destroy actor: not found 
ERROR: failed to destroy actor 8932 : unable to destroy actor: not found 
ERROR: failed to destroy actor 8933 : unable to destroy actor: not found 
ERROR: failed to destroy actor 8934 : unable to destroy actor: not found 
ERROR: failed to destroy actor 8935 : unable to destroy actor: not found 
ERROR: failed to destroy actor 8936 : unable to destroy actor: not found 
ERROR: failed to destroy actor 8937 : unable to destroy actor: not found 
ERROR: failed to destroy actor 8938 : unable to destroy actor: not found 
ERROR: failed to destroy actor 8939 : unable to destroy actor: not found 
ERROR: failed to destroy actor 8940 : unable to destroy actor: not found 
ERROR: failed to destroy actor 8941 : unable to destroy actor: not found 
ERROR: failed to destroy actor 8942 : unable to destroy actor: not found 
ERROR: failed to destroy actor 8943 : unable to destroy actor: not found 
ERROR: failed to destroy actor 8944 : unable to destroy actor: not found 
ERROR: failed to destroy actor 8945 : unable to destroy actor: not found 
ERROR: failed to destroy actor 8946 : unable to destroy actor: not found 
ERROR: failed to destroy actor 8947 : unable to destroy actor: not found 
ERROR: failed to destroy actor 8948 : unable to destroy actor: not found 
ERROR: failed to destroy actor 8949 : unable to destroy actor: not found 
ERROR: failed to destroy actor 8950 : unable to destroy actor: not found 
ERROR: failed to destroy actor 8951 : unable to destroy actor: not found 
ERROR: failed to destroy actor 8952 : unable to destroy actor: not found 
ERROR: failed to destroy actor 8953 : unable to destroy actor: not found 
ERROR: failed to destroy actor 8954 : unable to destroy actor: not found 
ERROR: failed to destroy actor 8955 : unable to destroy actor: not found 
ERROR: failed to destroy actor 8956 : unable to destroy actor: not found 
ERROR: failed to destroy actor 8957 : unable to destroy actor: not found 
ERROR: failed to destroy actor 8958 : unable to destroy actor: not found 
ERROR: failed to destroy actor 8959 : unable to destroy actor: not found 
ERROR: failed to destroy actor 8960 : unable to destroy actor: not found 
ERROR: failed to destroy actor 8961 : unable to destroy actor: not found 
ERROR: failed to destroy actor 8962 : unable to destroy actor: not found 
ERROR: failed to destroy actor 8963 : unable to destroy actor: not found 
ERROR: failed to destroy actor 8964 : unable to destroy actor: not found 
ERROR: failed to destroy actor 8965 : unable to destroy actor: not found 
ERROR: failed to destroy actor 8966 : unable to destroy actor: not found 
ERROR: failed to destroy actor 8967 : unable to destroy actor: not found 
ERROR: failed to destroy actor 8968 : unable to destroy actor: not found 
ERROR: failed to destroy actor 8969 : unable to destroy actor: not found 
ERROR: failed to destroy actor 8970 : unable to destroy actor: not found 
ERROR: failed to destroy actor 8971 : unable to destroy actor: not found 
ERROR: failed to destroy actor 8972 : unable to destroy actor: not found 
ERROR: failed to destroy actor 8973 : unable to destroy actor: not found 
ERROR: failed to destroy actor 8974 : unable to destroy actor: not found 
ERROR: failed to destroy actor 8975 : unable to destroy actor: not found 
ERROR: failed to destroy actor 8976 : unable to destroy actor: not found 
ERROR: failed to destroy actor 8977 : unable to destroy actor: not found 
ERROR: failed to destroy actor 8978 : unable to destroy actor: not found 
ERROR: failed to destroy actor 8979 : unable to destroy actor: not found 
ERROR: failed to destroy actor 8980 : unable to destroy actor: not found 
ERROR: failed to destroy actor 8981 : unable to destroy actor: not found 
ERROR: failed to destroy actor 8982 : unable to destroy actor: not found 
ERROR: failed to destroy actor 8983 : unable to destroy actor: not found 
ERROR: failed to destroy actor 8984 : unable to destroy actor: not found 
ERROR: failed to destroy actor 8985 : unable to destroy actor: not found 
ERROR: failed to destroy actor 8986 : unable to destroy actor: not found 
ERROR: failed to destroy actor 8987 : unable to destroy actor: not found 
ERROR: failed to destroy actor 8988 : unable to destroy actor: not found 
ERROR: failed to destroy actor 8989 : unable to destroy actor: not found 
ERROR: failed to destroy actor 8990 : unable to destroy actor: not found 
ERROR: failed to destroy actor 8991 : unable to destroy actor: not found 
ERROR: failed to destroy actor 8992 : unable to destroy actor: not found 
ERROR: failed to destroy actor 8993 : unable to destroy actor: not found 
ERROR: failed to destroy actor 8994 : unable to destroy actor: not found 
ERROR: failed to destroy actor 8995 : unable to destroy actor: not found 
ERROR: failed to destroy actor 8996 : unable to destroy actor: not found 
ERROR: failed to destroy actor 8997 : unable to destroy actor: not found 
ERROR: failed to destroy actor 8998 : unable to destroy actor: not found 
ERROR: failed to destroy actor 8999 : unable to destroy actor: not found 
ERROR: failed to destroy actor 9000 : unable to destroy actor: not found 
ERROR: failed to destroy actor 9001 : unable to destroy actor: not found 
ERROR: failed to destroy actor 9002 : unable to destroy actor: not found 
ERROR: failed to destroy actor 9003 : unable to destroy actor: not found 
ERROR: failed to destroy actor 9004 : unable to destroy actor: not found 
ERROR: failed to destroy actor 9005 : unable to destroy actor: not found 
ERROR: failed to destroy actor 9006 : unable to destroy actor: not found 
ERROR: failed to destroy actor 9007 : unable to destroy actor: not found 
ERROR: failed to destroy actor 9008 : unable to destroy actor: not found 
ERROR: failed to destroy actor 9009 : unable to destroy actor: not found 
ERROR: failed to destroy actor 9010 : unable to destroy actor: not found 
ERROR: failed to destroy actor 9011 : unable to destroy actor: not found 
ERROR: failed to destroy actor 9012 : unable to destroy actor: not found 
ERROR: failed to destroy actor 9013 : unable to destroy actor: not found 
ERROR: failed to destroy actor 9014 : unable to destroy actor: not found 
ERROR: failed to destroy actor 9015 : unable to destroy actor: not found 
ERROR: failed to destroy actor 9016 : unable to destroy actor: not found 
ERROR: failed to destroy actor 9017 : unable to destroy actor: not found 
ERROR: failed to destroy actor 9018 : unable to destroy actor: not found 
ERROR: failed to destroy actor 9019 : unable to destroy actor: not found 
ERROR: failed to destroy actor 9020 : unable to destroy actor: not found 
ERROR: failed to destroy actor 9021 : unable to destroy actor: not found 
ERROR: failed to destroy actor 9022 : unable to destroy actor: not found 
ERROR: failed to destroy actor 8875 : unable to destroy actor: not found 
ERROR: failed to destroy actor 8876 : unable to destroy actor: not found 
ERROR: failed to destroy actor 8877 : unable to destroy actor: not found 
ERROR: failed to destroy actor 8878 : unable to destroy actor: not found 
ERROR: failed to destroy actor 8879 : unable to destroy actor: not found 
ERROR: failed to destroy actor 8880 : unable to destroy actor: not found 
ERROR: failed to destroy actor 8881 : unable to destroy actor: not found 
ERROR: failed to destroy actor 8882 : unable to destroy actor: not found 
ERROR: failed to destroy actor 8883 : unable to destroy actor: not found 
ERROR: failed to destroy actor 8884 : unable to destroy actor: not found 
ERROR: failed to destroy actor 8885 : unable to destroy actor: not found 
ERROR: failed to destroy actor 8886 : unable to destroy actor: not found 
ERROR: failed to destroy actor 8887 : unable to destroy actor: not found 
ERROR: failed to destroy actor 8888 : unable to destroy actor: not found 
ERROR: failed to destroy actor 8889 : unable to destroy actor: not found 
ERROR: failed to destroy actor 8890 : unable to destroy actor: not found 
ERROR: failed to destroy actor 8891 : unable to destroy actor: not found 
ERROR: failed to destroy actor 8892 : unable to destroy actor: not found 
ERROR: failed to destroy actor 8893 : unable to destroy actor: not found 
ERROR: failed to destroy actor 8894 : unable to destroy actor: not found 
ERROR: failed to destroy actor 8895 : unable to destroy actor: not found 
ERROR: failed to destroy actor 8896 : unable to destroy actor: not found 
ERROR: failed to destroy actor 8897 : unable to destroy actor: not found 
ERROR: failed to destroy actor 8898 : unable to destroy actor: not found 
ERROR: failed to destroy actor 8899 : unable to destroy actor: not found 
ERROR: failed to destroy actor 8900 : unable to destroy actor: not found 
ERROR: failed to destroy actor 8901 : unable to destroy actor: not found 
ERROR: failed to destroy actor 8902 : unable to destroy actor: not found 
ERROR: failed to destroy actor 8903 : unable to destroy actor: not found 
ERROR: failed to destroy actor 8904 : unable to destroy actor: not found 
ERROR: failed to destroy actor 8905 : unable to destroy actor: not found 
ERROR: failed to destroy actor 8906 : unable to destroy actor: not found 
ERROR: failed to destroy actor 8907 : unable to destroy actor: not found 
ERROR: failed to destroy actor 8908 : unable to destroy actor: not found 
ERROR: failed to destroy actor 8909 : unable to destroy actor: not found 
ERROR: failed to destroy actor 8910 : unable to destroy actor: not found 
ERROR: failed to destroy actor 8911 : unable to destroy actor: not found 
ERROR: failed to destroy actor 8912 : unable to destroy actor: not found 
ERROR: failed to destroy actor 8913 : unable to destroy actor: not found 
ERROR: failed to destroy actor 8914 : unable to destroy actor: not found 
ERROR: failed to destroy actor 8915 : unable to destroy actor: not found 
ERROR: failed to destroy actor 8916 : unable to destroy actor: not found 
ERROR: failed to destroy actor 8917 : unable to destroy actor: not found 
ERROR: failed to destroy actor 8918 : unable to destroy actor: not found 
ERROR: failed to destroy actor 8831 : unable to destroy actor: not found 
ERROR: failed to destroy actor 8832 : unable to destroy actor: not found 
ERROR: failed to destroy actor 8833 : unable to destroy actor: not found 
ERROR: failed to destroy actor 8834 : unable to destroy actor: not found 
ERROR: failed to destroy actor 8835 : unable to destroy actor: not found 
ERROR: failed to destroy actor 8836 : unable to destroy actor: not found 
ERROR: failed to destroy actor 8837 : unable to destroy actor: not found 
ERROR: failed to destroy actor 8838 : unable to destroy actor: not found 
ERROR: failed to destroy actor 8839 : unable to destroy actor: not found 
ERROR: failed to destroy actor 8840 : unable to destroy actor: not found 
ERROR: failed to destroy actor 8841 : unable to destroy actor: not found 
ERROR: failed to destroy actor 8842 : unable to destroy actor: not found 
ERROR: failed to destroy actor 8843 : unable to destroy actor: not found 
ERROR: failed to destroy actor 8844 : unable to destroy actor: not found 
ERROR: failed to destroy actor 8845 : unable to destroy actor: not found 
ERROR: failed to destroy actor 8846 : unable to destroy actor: not found 
ERROR: failed to destroy actor 8847 : unable to destroy actor: not found 
ERROR: failed to destroy actor 8848 : unable to destroy actor: not found 
ERROR: failed to destroy actor 8849 : unable to destroy actor: not found 
ERROR: failed to destroy actor 8850 : unable to destroy actor: not found 
ERROR: failed to destroy actor 8851 : unable to destroy actor: not found 
ERROR: failed to destroy actor 8852 : unable to destroy actor: not found 
ERROR: failed to destroy actor 8853 : unable to destroy actor: not found 
ERROR: failed to destroy actor 8854 : unable to destroy actor: not found 
ERROR: failed to destroy actor 8855 : unable to destroy actor: not found 
ERROR: failed to destroy actor 8856 : unable to destroy actor: not found 
ERROR: failed to destroy actor 8857 : unable to destroy actor: not found 
ERROR: failed to destroy actor 8858 : unable to destroy actor: not found 
ERROR: failed to destroy actor 8859 : unable to destroy actor: not found 
ERROR: failed to destroy actor 8860 : unable to destroy actor: not found 
ERROR: failed to destroy actor 8861 : unable to destroy actor: not found 
ERROR: failed to destroy actor 8862 : unable to destroy actor: not found 
ERROR: failed to destroy actor 8863 : unable to destroy actor: not found 
ERROR: failed to destroy actor 8864 : unable to destroy actor: not found 
ERROR: failed to destroy actor 8865 : unable to destroy actor: not found 
ERROR: failed to destroy actor 8866 : unable to destroy actor: not found 
ERROR: failed to destroy actor 8867 : unable to destroy actor: not found 
ERROR: failed to destroy actor 8868 : unable to destroy actor: not found 
ERROR: failed to destroy actor 8869 : unable to destroy actor: not found 
ERROR: failed to destroy actor 8870 : unable to destroy actor: not found 
ERROR: failed to destroy actor 8871 : unable to destroy actor: not found 
ERROR: failed to destroy actor 8872 : unable to destroy actor: not found 
ERROR: failed to destroy actor 8873 : unable to destroy actor: not found 
ERROR: failed to destroy actor 8874 : unable to destroy actor: not found 
ERROR: failed to destroy actor 8768 : unable to destroy actor: not found 
INFO:  streaming client: connection failed: An operation was attempted on something that is not a socket 
ERROR: failed to destroy actor 8769 : unable to destroy actor: not found 
INFO:  streaming client: connection failed: An operation was attempted on something that is not a socket 
ERROR: failed to destroy actor 8770 : unable to destroy actor: not found 
ERROR: failed to destroy actor 8771 : unable to destroy actor: not found 
ERROR: failed to destroy actor 8772 : unable to destroy actor: not found 
ERROR: failed to destroy actor 8773 : unable to destroy actor: not found 
ERROR: failed to destroy actor 8774 : unable to destroy actor: not found 
ERROR: failed to destroy actor 8775 : unable to destroy actor: not found 
ERROR: failed to destroy actor 8776 : unable to destroy actor: not found 
ERROR: failed to destroy actor 8777 : unable to destroy actor: not found 
ERROR: failed to destroy actor 8778 : unable to destroy actor: not found 
ERROR: failed to destroy actor 8779 : unable to destroy actor: not found 
ERROR: failed to destroy actor 8780 : unable to destroy actor: not found 
ERROR: failed to destroy actor 8781 : unable to destroy actor: not found 
ERROR: failed to destroy actor 8782 : unable to destroy actor: not found 
ERROR: failed to destroy actor 8783 : unable to destroy actor: not found 
ERROR: failed to destroy actor 8784 : unable to destroy actor: not found 
ERROR: failed to destroy actor 8785 : unable to destroy actor: not found 
ERROR: failed to destroy actor 8786 : unable to destroy actor: not found 
ERROR: failed to destroy actor 8787 : unable to destroy actor: not found 
ERROR: failed to destroy actor 8788 : unable to destroy actor: not found 
ERROR: failed to destroy actor 8789 : unable to destroy actor: not found 
ERROR: failed to destroy actor 8790 : unable to destroy actor: not found 
ERROR: failed to destroy actor 8791 : unable to destroy actor: not found 
ERROR: failed to destroy actor 8792 : unable to destroy actor: not found 
ERROR: failed to destroy actor 8793 : unable to destroy actor: not found 
ERROR: failed to destroy actor 8794 : unable to destroy actor: not found 
ERROR: failed to destroy actor 8795 : unable to destroy actor: not found 
ERROR: failed to destroy actor 8796 : unable to destroy actor: not found 
ERROR: failed to destroy actor 8797 : unable to destroy actor: not found 
ERROR: failed to destroy actor 8798 : unable to destroy actor: not found 
ERROR: failed to destroy actor 8799 : unable to destroy actor: not found 
ERROR: failed to destroy actor 8800 : unable to destroy actor: not found 
ERROR: failed to destroy actor 8801 : unable to destroy actor: not found 
ERROR: failed to destroy actor 8802 : unable to destroy actor: not found 
ERROR: failed to destroy actor 8803 : unable to destroy actor: not found 
ERROR: failed to destroy actor 8804 : unable to destroy actor: not found 
ERROR: failed to destroy actor 8805 : unable to destroy actor: not found 
ERROR: failed to destroy actor 8806 : unable to destroy actor: not found 
ERROR: failed to destroy actor 8807 : unable to destroy actor: not found 
ERROR: failed to destroy actor 8808 : unable to destroy actor: not found 
ERROR: failed to destroy actor 8809 : unable to destroy actor: not found 
ERROR: failed to destroy actor 8810 : unable to destroy actor: not found 
ERROR: failed to destroy actor 8811 : unable to destroy actor: not found 
ERROR: failed to destroy actor 8812 : unable to destroy actor: not found 
ERROR: failed to destroy actor 8813 : unable to destroy actor: not found 
ERROR: failed to destroy actor 8814 : unable to destroy actor: not found 
ERROR: failed to destroy actor 8815 : unable to destroy actor: not found 
ERROR: failed to destroy actor 8816 : unable to destroy actor: not found 
ERROR: failed to destroy actor 8817 : unable to destroy actor: not found 
ERROR: failed to destroy actor 8818 : unable to destroy actor: not found 
ERROR: failed to destroy actor 8819 : unable to destroy actor: not found 
ERROR: failed to destroy actor 8820 : unable to destroy actor: not found 
ERROR: failed to destroy actor 8821 : unable to destroy actor: not found 
ERROR: failed to destroy actor 8822 : unable to destroy actor: not found 
ERROR: failed to destroy actor 8823 : unable to destroy actor: not found 
ERROR: failed to destroy actor 8824 : unable to destroy actor: not found 
ERROR: failed to destroy actor 8825 : unable to destroy actor: not found 
ERROR: failed to destroy actor 8826 : unable to destroy actor: not found 
ERROR: failed to destroy actor 8827 : unable to destroy actor: not found 
ERROR: failed to destroy actor 8828 : unable to destroy actor: not found 
ERROR: failed to destroy actor 8829 : unable to destroy actor: not found 
ERROR: failed to destroy actor 8830 : unable to destroy actor: not found 
=== Single run: penetration=0.0 seed=3
wrote out/ablation_sprint5_t01/noV2V\p000_w060_ClearNoon_s03.json
  collisions:                1 (cav=0 hdv=1)
  VRU collisions:            1 (cav-hit=0 hdv-hit=1)
  phantom brakes suppressed: 0
  actions taken:             {'none': 0, 'decelerate': 0, 'soft_brake': 0, 'hard_brake': 0}
