=== Single run: penetration=0.9 seed=4
INFO:  Found the required file in cache!  Carla/Maps/Nav/Town10HD_Opt.bin 
INFO:  Found the required file in cache!  Carla/Maps/Nav/Town10HD_Opt.bin 
INFO:  Found the required file in cache!  Carla/Maps/TM/Town10HD_Opt.bin 
ERROR: failed to destroy actor 10164 : unable to destroy actor: not found 
ERROR: failed to destroy actor 10168 : unable to destroy actor: not found 
ERROR: failed to destroy actor 10169 : unable to destroy actor: not found 
ERROR: failed to destroy actor 10170 : unable to destroy actor: not found 
ERROR: failed to destroy actor 10173 : unable to destroy actor: not found 
ERROR: failed to destroy actor 10174 : unable to destroy actor: not found 
ERROR: failed to destroy actor 10189 : unable to destroy actor: not found 
ERROR: failed to destroy actor 10197 : unable to destroy actor: not found 
ERROR: failed to destroy actor 10204 : unable to destroy actor: not found 
ERROR: failed to destroy actor 10205 : unable to destroy actor: not found 
ERROR: failed to destroy actor 10208 : unable to destroy actor: not found 
ERROR: failed to destroy actor 10209 : unable to destroy actor: not found 
ERROR: failed to destroy actor 10210 : unable to destroy actor: not found 
ERROR: failed to destroy actor 10216 : unable to destroy actor: not found 
ERROR: failed to destroy actor 10217 : unable to destroy actor: not found 
ERROR: failed to destroy actor 10105 : unable to destroy actor: not found 
ERROR: failed to destroy actor 10109 : unable to destroy actor: not found 
ERROR: failed to destroy actor 10110 : unable to destroy actor: not found 
ERROR: failed to destroy actor 10111 : unable to destroy actor: not found 
ERROR: failed to destroy actor 10114 : unable to destroy actor: not found 
ERROR: failed to destroy actor 10115 : unable to destroy actor: not found 
ERROR: failed to destroy actor 10130 : unable to destroy actor: not found 
ERROR: failed to destroy actor 10138 : unable to destroy actor: not found 
ERROR: failed to destroy actor 10145 : unable to destroy actor: not found 
ERROR: failed to destroy actor 10146 : unable to destroy actor: not found 
ERROR: failed to destroy actor 10149 : unable to destroy actor: not found 
ERROR: failed to destroy actor 10151 : unable to destroy actor: not found 
ERROR: failed to destroy actor 10157 : unable to destroy actor: not found 
ERROR: failed to destroy actor 10158 : unable to destroy actor: not found 
wrote out\ablation_p09\p090_w060_HardRainNoon_Town10HD_Opt_s04.json
  collisions:                1399 (cav=1187 hdv=212)
  VRU collisions:            4 (cav-hit=4 hdv-hit=0)
  phantom brakes suppressed: 179
  actions taken:             {'none': 112716, 'decelerate': 6391, 'soft_brake': 5117, 'hard_brake': 5376}
