=== Single run: penetration=0.9 seed=2
INFO:  Found the required file in cache!  Carla/Maps/Nav/Town10HD_Opt.bin 
INFO:  Found the required file in cache!  Carla/Maps/Nav/Town10HD_Opt.bin 
INFO:  Found the required file in cache!  Carla/Maps/TM/Town10HD_Opt.bin 
ERROR: failed to destroy actor 6401 : unable to destroy actor: not found 
ERROR: failed to destroy actor 6402 : unable to destroy actor: not found 
ERROR: failed to destroy actor 6406 : unable to destroy actor: not found 
ERROR: failed to destroy actor 6408 : unable to destroy actor: not found 
ERROR: failed to destroy actor 6418 : unable to destroy actor: not found 
ERROR: failed to destroy actor 6426 : unable to destroy actor: not found 
ERROR: failed to destroy actor 6434 : unable to destroy actor: not found 
ERROR: failed to destroy actor 6438 : unable to destroy actor: not found 
ERROR: failed to destroy actor 6440 : unable to destroy actor: not found 
ERROR: failed to destroy actor 6444 : unable to destroy actor: not found 
ERROR: failed to destroy actor 6455 : unable to destroy actor: not found 
ERROR: failed to destroy actor 6343 : unable to destroy actor: not found 
ERROR: failed to destroy actor 6347 : unable to destroy actor: not found 
ERROR: failed to destroy actor 6349 : unable to destroy actor: not found 
ERROR: failed to destroy actor 6367 : unable to destroy actor: not found 
ERROR: failed to destroy actor 6375 : unable to destroy actor: not found 
ERROR: failed to destroy actor 6379 : unable to destroy actor: not found 
ERROR: failed to destroy actor 6381 : unable to destroy actor: not found 
ERROR: failed to destroy actor 6385 : unable to destroy actor: not found 
ERROR: failed to destroy actor 6396 : unable to destroy actor: not found 
wrote out\ablation_p09\p090_w060_ClearNoon_Town10HD_Opt_s02.json
  collisions:                1362 (cav=1247 hdv=115)
  VRU collisions:            3 (cav-hit=1 hdv-hit=2)
  phantom brakes suppressed: 193
  actions taken:             {'none': 110586, 'decelerate': 7039, 'soft_brake': 6174, 'hard_brake': 5801}
