=== Single run: penetration=0.9 seed=1
INFO:  Found the required file in cache!  Carla/Maps/Nav/Town10HD_Opt.bin 
INFO:  Found the required file in cache!  Carla/Maps/Nav/Town10HD_Opt.bin 
INFO:  Found the required file in cache!  Carla/Maps/TM/Town10HD_Opt.bin 
ERROR: failed to destroy actor 9200 : unable to destroy actor: not found 
ERROR: failed to destroy actor 9201 : unable to destroy actor: not found 
ERROR: failed to destroy actor 9203 : unable to destroy actor: not found 
ERROR: failed to destroy actor 9214 : unable to destroy actor: not found 
ERROR: failed to destroy actor 9220 : unable to destroy actor: not found 
ERROR: failed to destroy actor 9225 : unable to destroy actor: not found 
ERROR: failed to destroy actor 9228 : unable to destroy actor: not found 
ERROR: failed to destroy actor 9232 : unable to destroy actor: not found 
ERROR: failed to destroy actor 9235 : unable to destroy actor: not found 
ERROR: failed to destroy actor 9241 : unable to destroy actor: not found 
ERROR: failed to destroy actor 9243 : unable to destroy actor: not found 
ERROR: failed to destroy actor 9244 : unable to destroy actor: not found 
ERROR: failed to destroy actor 9247 : unable to destroy actor: not found 
ERROR: failed to destroy actor 9141 : unable to destroy actor: not found 
ERROR: failed to destroy actor 9142 : unable to destroy actor: not found 
ERROR: failed to destroy actor 9155 : unable to destroy actor: not found 
ERROR: failed to destroy actor 9161 : unable to destroy actor: not found 
ERROR: failed to destroy actor 9169 : unable to destroy actor: not found 
ERROR: failed to destroy actor 9173 : unable to destroy actor: not found 
ERROR: failed to destroy actor 9182 : unable to destroy actor: not found 
ERROR: failed to destroy actor 9184 : unable to destroy actor: not found 
ERROR: failed to destroy actor 9185 : unable to destroy actor: not found 
ERROR: failed to destroy actor 9188 : unable to destroy actor: not found 
wrote out\ablation_p09\p090_w060_HardRainNoon_Town10HD_Opt_s01.json
  collisions:                1395 (cav=1238 hdv=157)
  VRU collisions:            4 (cav-hit=3 hdv-hit=1)
  phantom brakes suppressed: 117
  actions taken:             {'none': 113595, 'decelerate': 6670, 'soft_brake': 5054, 'hard_brake': 4281}
