=== Single run: penetration=0.9 seed=3
INFO:  Found the required file in cache!  Carla/Maps/Nav/Town01.bin 
INFO:  Found the required file in cache!  Carla/Maps/Nav/Town01.bin 
INFO:  Found the required file in cache!  Carla/Maps/TM/Town01.bin 
ERROR: failed to destroy actor 14247 : unable to destroy actor: not found 
ERROR: failed to destroy actor 14254 : unable to destroy actor: not found 
ERROR: failed to destroy actor 14262 : unable to destroy actor: not found 
ERROR: failed to destroy actor 14265 : unable to destroy actor: not found 
ERROR: failed to destroy actor 14274 : unable to destroy actor: not found 
ERROR: failed to destroy actor 14280 : unable to destroy actor: not found 
ERROR: failed to destroy actor 14203 : unable to destroy actor: not found 
ERROR: failed to destroy actor 14210 : unable to destroy actor: not found 
ERROR: failed to destroy actor 14218 : unable to destroy actor: not found 
ERROR: failed to destroy actor 14221 : unable to destroy actor: not found 
ERROR: failed to destroy actor 14230 : unable to destroy actor: not found 
ERROR: failed to destroy actor 14236 : unable to destroy actor: not found 
wrote out\ablation_p09\p090_w060_ClearSunset_Town01_s03.json
  collisions:                1334 (cav=1219 hdv=115)
  VRU collisions:            1 (cav-hit=1 hdv-hit=0)
  phantom brakes suppressed: 73
  actions taken:             {'none': 118883, 'decelerate': 4094, 'soft_brake': 3888, 'hard_brake': 2735}
