=== Single run: penetration=0.9 seed=2
INFO:  Found the required file in cache!  Carla/Maps/Nav/Town10HD_Opt.bin 
INFO:  Found the required file in cache!  Carla/Maps/Nav/Town10HD_Opt.bin 
INFO:  Found the required file in cache!  Carla/Maps/TM/Town10HD_Opt.bin 
ERROR: failed to destroy actor 7901 : unable to destroy actor: not found 
ERROR: failed to destroy actor 7905 : unable to destroy actor: not found 
ERROR: failed to destroy actor 7907 : unable to destroy actor: not found 
ERROR: failed to destroy actor 7910 : unable to destroy actor: not found 
ERROR: failed to destroy actor 7912 : unable to destroy actor: not found 
ERROR: failed to destroy actor 7917 : unable to destroy actor: not found 
ERROR: failed to destroy actor 7926 : unable to destroy actor: not found 
ERROR: failed to destroy actor 7933 : unable to destroy actor: not found 
ERROR: failed to destroy actor 7939 : unable to destroy actor: not found 
ERROR: failed to destroy actor 7944 : unable to destroy actor: not found 
ERROR: failed to destroy actor 7946 : unable to destroy actor: not found 
ERROR: failed to destroy actor 7947 : unable to destroy actor: not found 
ERROR: failed to destroy actor 7953 : unable to destroy actor: not found 
ERROR: failed to destroy actor 7954 : unable to destroy actor: not found 
ERROR: failed to destroy actor 7842 : unable to destroy actor: not found 
ERROR: failed to destroy actor 7846 : unable to destroy actor: not found 
ERROR: failed to destroy actor 7848 : unable to destroy actor: not found 
ERROR: failed to destroy actor 7851 : unable to destroy actor: not found 
ERROR: failed to destroy actor 7853 : unable to destroy actor: not found 
ERROR: failed to destroy actor 7858 : unable to destroy actor: not found 
ERROR: failed to destroy actor 7874 : unable to destroy actor: not found 
ERROR: failed to destroy actor 7880 : unable to destroy actor: not found 
ERROR: failed to destroy actor 7885 : unable to destroy actor: not found 
ERROR: failed to destroy actor 7887 : unable to destroy actor: not found 
ERROR: failed to destroy actor 7888 : unable to destroy actor: not found 
ERROR: failed to destroy actor 7894 : unable to destroy actor: not found 
ERROR: failed to destroy actor 7895 : unable to destroy actor: not found 
wrote out\ablation_p09\p090_w060_ClearSunset_Town10HD_Opt_s02.json
  collisions:                1416 (cav=1247 hdv=169)
  VRU collisions:            5 (cav-hit=3 hdv-hit=2)
  phantom brakes suppressed: 199
  actions taken:             {'none': 111404, 'decelerate': 6784, 'soft_brake': 6459, 'hard_brake': 4953}
