=== Single run: penetration=0.9 seed=3
INFO:  Found the required file in cache!  Carla/Maps/Nav/Town10HD_Opt.bin 
INFO:  Found the required file in cache!  Carla/Maps/Nav/Town10HD_Opt.bin 
INFO:  Found the required file in cache!  Carla/Maps/TM/Town10HD_Opt.bin 
ERROR: failed to destroy actor 8227 : unable to destroy actor: not found 
ERROR: failed to destroy actor 8233 : unable to destroy actor: not found 
ERROR: failed to destroy actor 8238 : unable to destroy actor: not found 
ERROR: failed to destroy actor 8248 : unable to destroy actor: not found 
ERROR: failed to destroy actor 8251 : unable to destroy actor: not found 
ERROR: failed to destroy actor 8256 : unable to destroy actor: not found 
ERROR: failed to destroy actor 8261 : unable to destroy actor: not found 
ERROR: failed to destroy actor 8269 : unable to destroy actor: not found 
ERROR: failed to destroy actor 8273 : unable to destroy actor: not found 
ERROR: failed to destroy actor 8277 : unable to destroy actor: not found 
ERROR: failed to destroy actor 8168 : unable to destroy actor: not found 
ERROR: failed to destroy actor 8174 : unable to destroy actor: not found 
ERROR: failed to destroy actor 8179 : unable to destroy actor: not found 
ERROR: failed to destroy actor 8189 : unable to destroy actor: not found 
ERROR: failed to destroy actor 8197 : unable to destroy actor: not found 
ERROR: failed to destroy actor 8202 : unable to destroy actor: not found 
ERROR: failed to destroy actor 8214 : unable to destroy actor: not found 
ERROR: failed to destroy actor 8218 : unable to destroy actor: not found 
wrote out\ablation_p09\p090_w060_ClearSunset_Town10HD_Opt_s03.json
  collisions:                1408 (cav=1256 hdv=152)
  VRU collisions:            2 (cav-hit=2 hdv-hit=0)
  phantom brakes suppressed: 170
  actions taken:             {'none': 110459, 'decelerate': 7620, 'soft_brake': 7013, 'hard_brake': 4508}
