=== Single run: penetration=0.0 seed=3
INFO:  Found the required file in cache!  Carla/Maps/Nav/Town10HD_Opt.bin 
INFO:  Found the required file in cache!  Carla/Maps/Nav/Town10HD_Opt.bin 
INFO:  Found the required file in cache!  Carla/Maps/TM/Town10HD_Opt.bin 
ERROR: failed to destroy actor 32640 : unable to destroy actor: not found 
ERROR: failed to destroy actor 32641 : unable to destroy actor: not found 
ERROR: failed to destroy actor 32647 : unable to destroy actor: not found 
ERROR: failed to destroy actor 32649 : unable to destroy actor: not found 
ERROR: failed to destroy actor 32652 : unable to destroy actor: not found 
ERROR: failed to destroy actor 32659 : unable to destroy actor: not found 
ERROR: failed to destroy actor 32662 : unable to destroy actor: not found 
ERROR: failed to destroy actor 32667 : unable to destroy actor: not found 
ERROR: failed to destroy actor 32672 : unable to destroy actor: not found 
ERROR: failed to destroy actor 32680 : unable to destroy actor: not found 
ERROR: failed to destroy actor 32684 : unable to destroy actor: not found 
ERROR: failed to destroy actor 32686 : unable to destroy actor: not found 
ERROR: failed to destroy actor 32687 : unable to destroy actor: not found 
ERROR: failed to destroy actor 32581 : unable to destroy actor: not found 
ERROR: failed to destroy actor 32582 : unable to destroy actor: not found 
ERROR: failed to destroy actor 32588 : unable to destroy actor: not found 
ERROR: failed to destroy actor 32590 : unable to destroy actor: not found 
ERROR: failed to destroy actor 32593 : unable to destroy actor: not found 
ERROR: failed to destroy actor 32600 : unable to destroy actor: not found 
ERROR: failed to destroy actor 32608 : unable to destroy actor: not found 
ERROR: failed to destroy actor 32613 : unable to destroy actor: not found 
ERROR: failed to destroy actor 32625 : unable to destroy actor: not found 
ERROR: failed to destroy actor 32627 : unable to destroy actor: not found 
ERROR: failed to destroy actor 32628 : unable to destroy actor: not found 
wrote out\ablation_full\p000_w060_ClearNoon_Town10HD_Opt_s03.json
  collisions:                1443 (cav=0 hdv=1443)
  VRU collisions:            4 (cav-hit=0 hdv-hit=4)
  phantom brakes suppressed: 0
  actions taken:             {'none': 0, 'decelerate': 0, 'soft_brake': 0, 'hard_brake': 0}
