=== Single run: penetration=0.0 seed=0
INFO:  Found the required file in cache!  Carla/Maps/Nav/Town10HD_Opt.bin 
INFO:  Found the required file in cache!  Carla/Maps/Nav/Town10HD_Opt.bin 
INFO:  Found the required file in cache!  Carla/Maps/TM/Town10HD_Opt.bin 
ERROR: failed to destroy actor 41371 : unable to destroy actor: not found 
ERROR: failed to destroy actor 41377 : unable to destroy actor: not found 
ERROR: failed to destroy actor 41378 : unable to destroy actor: not found 
ERROR: failed to destroy actor 41381 : unable to destroy actor: not found 
ERROR: failed to destroy actor 41384 : unable to destroy actor: not found 
ERROR: failed to destroy actor 41401 : unable to destroy actor: not found 
ERROR: failed to destroy actor 41404 : unable to destroy actor: not found 
ERROR: failed to destroy actor 41411 : unable to destroy actor: not found 
ERROR: failed to destroy actor 41412 : unable to destroy actor: not found 
ERROR: failed to destroy actor 41415 : unable to destroy actor: not found 
ERROR: failed to destroy actor 41425 : unable to destroy actor: not found 
ERROR: failed to destroy actor 41311 : unable to destroy actor: not found 
ERROR: failed to destroy actor 41317 : unable to destroy actor: not found 
ERROR: failed to destroy actor 41318 : unable to destroy actor: not found 
ERROR: failed to destroy actor 41321 : unable to destroy actor: not found 
ERROR: failed to destroy actor 41324 : unable to destroy actor: not found 
ERROR: failed to destroy actor 41341 : unable to destroy actor: not found 
ERROR: failed to destroy actor 41344 : unable to destroy actor: not found 
ERROR: failed to destroy actor 41351 : unable to destroy actor: not found 
ERROR: failed to destroy actor 41352 : unable to destroy actor: not found 
ERROR: failed to destroy actor 41355 : unable to destroy actor: not found 
ERROR: failed to destroy actor 41365 : unable to destroy actor: not found 
wrote out\ablation_full\p000_w060_HardRainNoon_Town10HD_Opt_s00.json
  collisions:                1443 (cav=0 hdv=1443)
  VRU collisions:            3 (cav-hit=0 hdv-hit=3)
  phantom brakes suppressed: 0
  actions taken:             {'none': 0, 'decelerate': 0, 'soft_brake': 0, 'hard_brake': 0}
