=== Single run: penetration=0.0 seed=1
INFO:  Found the required file in cache!  Carla/Maps/Nav/Town10HD_Opt.bin 
INFO:  Found the required file in cache!  Carla/Maps/Nav/Town10HD_Opt.bin 
INFO:  Found the required file in cache!  Carla/Maps/TM/Town10HD_Opt.bin 
ERROR: failed to destroy actor 31992 : unable to destroy actor: not found 
ERROR: failed to destroy actor 31993 : unable to destroy actor: not found 
ERROR: failed to destroy actor 31997 : unable to destroy actor: not found 
ERROR: failed to destroy actor 31998 : unable to destroy actor: not found 
ERROR: failed to destroy actor 32000 : unable to destroy actor: not found 
ERROR: failed to destroy actor 32017 : unable to destroy actor: not found 
ERROR: failed to destroy actor 32021 : unable to destroy actor: not found 
ERROR: failed to destroy actor 32025 : unable to destroy actor: not found 
ERROR: failed to destroy actor 32026 : unable to destroy actor: not found 
ERROR: failed to destroy actor 32031 : unable to destroy actor: not found 
ERROR: failed to destroy actor 32034 : unable to destroy actor: not found 
ERROR: failed to destroy actor 32036 : unable to destroy actor: not found 
ERROR: failed to destroy actor 31933 : unable to destroy actor: not found 
ERROR: failed to destroy actor 31934 : unable to destroy actor: not found 
ERROR: failed to destroy actor 31938 : unable to destroy actor: not found 
ERROR: failed to destroy actor 31939 : unable to destroy actor: not found 
ERROR: failed to destroy actor 31941 : unable to destroy actor: not found 
ERROR: failed to destroy actor 31958 : unable to destroy actor: not found 
ERROR: failed to destroy actor 31962 : unable to destroy actor: not found 
ERROR: failed to destroy actor 31966 : unable to destroy actor: not found 
ERROR: failed to destroy actor 31967 : unable to destroy actor: not found 
ERROR: failed to destroy actor 31972 : unable to destroy actor: not found 
ERROR: failed to destroy actor 31975 : unable to destroy actor: not found 
ERROR: failed to destroy actor 31977 : unable to destroy actor: not found 
wrote out\ablation_full\p000_w060_ClearNoon_Town10HD_Opt_s01.json
  collisions:                1392 (cav=0 hdv=1392)
  VRU collisions:            1 (cav-hit=0 hdv-hit=1)
  phantom brakes suppressed: 0
  actions taken:             {'none': 0, 'decelerate': 0, 'soft_brake': 0, 'hard_brake': 0}
