=== Single run: penetration=0.0 seed=1
INFO:  Found the required file in cache!  Carla/Maps/Nav/Town10HD_Opt.bin 
INFO:  Found the required file in cache!  Carla/Maps/Nav/Town10HD_Opt.bin 
INFO:  Found the required file in cache!  Carla/Maps/TM/Town10HD_Opt.bin 
ERROR: failed to destroy actor 36848 : unable to destroy actor: not found 
ERROR: failed to destroy actor 36849 : unable to destroy actor: not found 
ERROR: failed to destroy actor 36850 : unable to destroy actor: not found 
ERROR: failed to destroy actor 36857 : unable to destroy actor: not found 
ERROR: failed to destroy actor 36859 : unable to destroy actor: not found 
ERROR: failed to destroy actor 36861 : unable to destroy actor: not found 
ERROR: failed to destroy actor 36862 : unable to destroy actor: not found 
ERROR: failed to destroy actor 36869 : unable to destroy actor: not found 
ERROR: failed to destroy actor 36879 : unable to destroy actor: not found 
ERROR: failed to destroy actor 36882 : unable to destroy actor: not found 
ERROR: failed to destroy actor 36888 : unable to destroy actor: not found 
ERROR: failed to destroy actor 36892 : unable to destroy actor: not found 
ERROR: failed to destroy actor 36894 : unable to destroy actor: not found 
ERROR: failed to destroy actor 36789 : unable to destroy actor: not found 
ERROR: failed to destroy actor 36798 : unable to destroy actor: not found 
ERROR: failed to destroy actor 36800 : unable to destroy actor: not found 
ERROR: failed to destroy actor 36802 : unable to destroy actor: not found 
ERROR: failed to destroy actor 36803 : unable to destroy actor: not found 
ERROR: failed to destroy actor 36810 : unable to destroy actor: not found 
ERROR: failed to destroy actor 36820 : unable to destroy actor: not found 
ERROR: failed to destroy actor 36823 : unable to destroy actor: not found 
ERROR: failed to destroy actor 36829 : unable to destroy actor: not found 
ERROR: failed to destroy actor 36833 : unable to destroy actor: not found 
ERROR: failed to destroy actor 36835 : unable to destroy actor: not found 
wrote out\ablation_full\p000_w060_ClearSunset_Town10HD_Opt_s01.json
  collisions:                1409 (cav=0 hdv=1409)
  VRU collisions:            0 (cav-hit=0 hdv-hit=0)
  phantom brakes suppressed: 0
  actions taken:             {'none': 0, 'decelerate': 0, 'soft_brake': 0, 'hard_brake': 0}
