=== Single run: penetration=0.0 seed=2
INFO:  Found the required file in cache!  Carla/Maps/Nav/Town10HD_Opt.bin 
INFO:  Found the required file in cache!  Carla/Maps/Nav/Town10HD_Opt.bin 
INFO:  Found the required file in cache!  Carla/Maps/TM/Town10HD_Opt.bin 
ERROR: failed to destroy actor 37166 : unable to destroy actor: not found 
ERROR: failed to destroy actor 37170 : unable to destroy actor: not found 
ERROR: failed to destroy actor 37172 : unable to destroy actor: not found 
ERROR: failed to destroy actor 37178 : unable to destroy actor: not found 
ERROR: failed to destroy actor 37190 : unable to destroy actor: not found 
ERROR: failed to destroy actor 37198 : unable to destroy actor: not found 
ERROR: failed to destroy actor 37200 : unable to destroy actor: not found 
ERROR: failed to destroy actor 37202 : unable to destroy actor: not found 
ERROR: failed to destroy actor 37203 : unable to destroy actor: not found 
ERROR: failed to destroy actor 37204 : unable to destroy actor: not found 
ERROR: failed to destroy actor 37205 : unable to destroy actor: not found 
ERROR: failed to destroy actor 37107 : unable to destroy actor: not found 
ERROR: failed to destroy actor 37111 : unable to destroy actor: not found 
ERROR: failed to destroy actor 37113 : unable to destroy actor: not found 
ERROR: failed to destroy actor 37131 : unable to destroy actor: not found 
ERROR: failed to destroy actor 37139 : unable to destroy actor: not found 
ERROR: failed to destroy actor 37141 : unable to destroy actor: not found 
ERROR: failed to destroy actor 37143 : unable to destroy actor: not found 
ERROR: failed to destroy actor 37144 : unable to destroy actor: not found 
ERROR: failed to destroy actor 37145 : unable to destroy actor: not found 
ERROR: failed to destroy actor 37146 : unable to destroy actor: not found 
wrote out\ablation_full\p000_w060_ClearSunset_Town10HD_Opt_s02.json
  collisions:                1435 (cav=0 hdv=1435)
  VRU collisions:            1 (cav-hit=0 hdv-hit=1)
  phantom brakes suppressed: 0
  actions taken:             {'none': 0, 'decelerate': 0, 'soft_brake': 0, 'hard_brake': 0}
