=== Single run: penetration=0.0 seed=4
INFO:  Found the required file in cache!  Carla/Maps/Nav/Town01.bin 
INFO:  Found the required file in cache!  Carla/Maps/Nav/Town01.bin 
INFO:  Found the required file in cache!  Carla/Maps/TM/Town01.bin 
ERROR: failed to destroy actor 48264 : unable to destroy actor: not found 
ERROR: failed to destroy actor 48269 : unable to destroy actor: not found 
ERROR: failed to destroy actor 48277 : unable to destroy actor: not found 
ERROR: failed to destroy actor 48278 : unable to destroy actor: not found 
ERROR: failed to destroy actor 48284 : unable to destroy actor: not found 
ERROR: failed to destroy actor 48285 : unable to destroy actor: not found 
ERROR: failed to destroy actor 48292 : unable to destroy actor: not found 
ERROR: failed to destroy actor 48220 : unable to destroy actor: not found 
ERROR: failed to destroy actor 48225 : unable to destroy actor: not found 
ERROR: failed to destroy actor 48233 : unable to destroy actor: not found 
ERROR: failed to destroy actor 48234 : unable to destroy actor: not found 
ERROR: failed to destroy actor 48240 : unable to destroy actor: not found 
ERROR: failed to destroy actor 48241 : unable to destroy actor: not found 
ERROR: failed to destroy actor 48248 : unable to destroy actor: not found 
wrote out\ablation_full\p000_w060_ClearNoon_Town01_s04.json
  collisions:                1394 (cav=0 hdv=1394)
  VRU collisions:            4 (cav-hit=0 hdv-hit=4)
  phantom brakes suppressed: 0
  actions taken:             {'none': 0, 'decelerate': 0, 'soft_brake': 0, 'hard_brake': 0}
