=== Single run: penetration=0.0 seed=3
INFO:  Found the required file in cache!  Carla/Maps/Nav/Town10HD_Opt.bin 
INFO:  Found the required file in cache!  Carla/Maps/Nav/Town10HD_Opt.bin 
INFO:  Found the required file in cache!  Carla/Maps/TM/Town10HD_Opt.bin 
ERROR: failed to destroy actor 37494 : unable to destroy actor: not found 
ERROR: failed to destroy actor 37497 : unable to destroy actor: not found 
ERROR: failed to destroy actor 37507 : unable to destroy actor: not found 
ERROR: failed to destroy actor 37513 : unable to destroy actor: not found 
ERROR: failed to destroy actor 37516 : unable to destroy actor: not found 
ERROR: failed to destroy actor 37521 : unable to destroy actor: not found 
ERROR: failed to destroy actor 37525 : unable to destroy actor: not found 
ERROR: failed to destroy actor 37527 : unable to destroy actor: not found 
ERROR: failed to destroy actor 37528 : unable to destroy actor: not found 
ERROR: failed to destroy actor 37531 : unable to destroy actor: not found 
ERROR: failed to destroy actor 37534 : unable to destroy actor: not found 
ERROR: failed to destroy actor 37540 : unable to destroy actor: not found 
ERROR: failed to destroy actor 37541 : unable to destroy actor: not found 
ERROR: failed to destroy actor 37542 : unable to destroy actor: not found 
ERROR: failed to destroy actor 37435 : unable to destroy actor: not found 
ERROR: failed to destroy actor 37438 : unable to destroy actor: not found 
ERROR: failed to destroy actor 37448 : unable to destroy actor: not found 
ERROR: failed to destroy actor 37454 : unable to destroy actor: not found 
ERROR: failed to destroy actor 37462 : unable to destroy actor: not found 
ERROR: failed to destroy actor 37466 : unable to destroy actor: not found 
ERROR: failed to destroy actor 37468 : unable to destroy actor: not found 
ERROR: failed to destroy actor 37469 : unable to destroy actor: not found 
ERROR: failed to destroy actor 37472 : unable to destroy actor: not found 
ERROR: failed to destroy actor 37475 : unable to destroy actor: not found 
ERROR: failed to destroy actor 37481 : unable to destroy actor: not found 
ERROR: failed to destroy actor 37482 : unable to destroy actor: not found 
ERROR: failed to destroy actor 37483 : unable to destroy actor: not found 
wrote out\ablation_full\p000_w060_ClearSunset_Town10HD_Opt_s03.json
  collisions:                1420 (cav=0 hdv=1420)
  VRU collisions:            2 (cav-hit=0 hdv-hit=2)
  phantom brakes suppressed: 0
  actions taken:             {'none': 0, 'decelerate': 0, 'soft_brake': 0, 'hard_brake': 0}
