=== Single run: penetration=0.0 seed=4
INFO:  Found the required file in cache!  Carla/Maps/Nav/Town10HD_Opt.bin 
INFO:  Found the required file in cache!  Carla/Maps/Nav/Town10HD_Opt.bin 
INFO:  Found the required file in cache!  Carla/Maps/TM/Town10HD_Opt.bin 
ERROR: failed to destroy actor 37810 : unable to destroy actor: not found 
ERROR: failed to destroy actor 37815 : unable to destroy actor: not found 
ERROR: failed to destroy actor 37816 : unable to destroy actor: not found 
ERROR: failed to destroy actor 37817 : unable to destroy actor: not found 
ERROR: failed to destroy actor 37820 : unable to destroy actor: not found 
ERROR: failed to destroy actor 37838 : unable to destroy actor: not found 
ERROR: failed to destroy actor 37849 : unable to destroy actor: not found 
ERROR: failed to destroy actor 37850 : unable to destroy actor: not found 
ERROR: failed to destroy actor 37851 : unable to destroy actor: not found 
ERROR: failed to destroy actor 37854 : unable to destroy actor: not found 
ERROR: failed to destroy actor 37863 : unable to destroy actor: not found 
ERROR: failed to destroy actor 37751 : unable to destroy actor: not found 
ERROR: failed to destroy actor 37756 : unable to destroy actor: not found 
ERROR: failed to destroy actor 37757 : unable to destroy actor: not found 
ERROR: failed to destroy actor 37758 : unable to destroy actor: not found 
ERROR: failed to destroy actor 37761 : unable to destroy actor: not found 
ERROR: failed to destroy actor 37779 : unable to destroy actor: not found 
ERROR: failed to destroy actor 37790 : unable to destroy actor: not found 
ERROR: failed to destroy actor 37791 : unable to destroy actor: not found 
ERROR: failed to destroy actor 37795 : unable to destroy actor: not found 
ERROR: failed to destroy actor 37804 : unable to destroy actor: not found 
wrote out\ablation_full\p000_w060_ClearSunset_Town10HD_Opt_s04.json
  collisions:                1408 (cav=0 hdv=1408)
  VRU collisions:            1 (cav-hit=0 hdv-hit=1)
  phantom brakes suppressed: 0
  actions taken:             {'none': 0, 'decelerate': 0, 'soft_brake': 0, 'hard_brake': 0}
