=== Single run: penetration=0.0 seed=1
INFO:  Found the required file in cache!  Carla/Maps/Nav/Town10HD_Opt.bin 
INFO:  Found the required file in cache!  Carla/Maps/Nav/Town10HD_Opt.bin 
INFO:  Found the required file in cache!  Carla/Maps/TM/Town10HD_Opt.bin 
ERROR: failed to destroy actor 41702 : unable to destroy actor: not found 
ERROR: failed to destroy actor 41709 : unable to destroy actor: not found 
ERROR: failed to destroy actor 41713 : unable to destroy actor: not found 
ERROR: failed to destroy actor 41721 : unable to destroy actor: not found 
ERROR: failed to destroy actor 41740 : unable to destroy actor: not found 
ERROR: failed to destroy actor 41742 : unable to destroy actor: not found 
ERROR: failed to destroy actor 41746 : unable to destroy actor: not found 
ERROR: failed to destroy actor 41748 : unable to destroy actor: not found 
ERROR: failed to destroy actor 41643 : unable to destroy actor: not found 
ERROR: failed to destroy actor 41650 : unable to destroy actor: not found 
ERROR: failed to destroy actor 41662 : unable to destroy actor: not found 
ERROR: failed to destroy actor 41681 : unable to destroy actor: not found 
ERROR: failed to destroy actor 41683 : unable to destroy actor: not found 
ERROR: failed to destroy actor 41687 : unable to destroy actor: not found 
ERROR: failed to destroy actor 41689 : unable to destroy actor: not found 
wrote out\ablation_full\p000_w060_HardRainNoon_Town10HD_Opt_s01.json
  collisions:                1405 (cav=0 hdv=1405)
  VRU collisions:            3 (cav-hit=0 hdv-hit=3)
  phantom brakes suppressed: 0
  actions taken:             {'none': 0, 'decelerate': 0, 'soft_brake': 0, 'hard_brake': 0}
