=== Single run: penetration=0.0 seed=1
INFO:  Found the required file in cache!  Carla/Maps/Nav/Town01.bin 
INFO:  Found the required file in cache!  Carla/Maps/Nav/Town01.bin 
INFO:  Found the required file in cache!  Carla/Maps/TM/Town01.bin 
ERROR: failed to destroy actor 59722 : unable to destroy actor: not found 
ERROR: failed to destroy actor 59725 : unable to destroy actor: not found 
ERROR: failed to destroy actor 59734 : unable to destroy actor: not found 
ERROR: failed to destroy actor 59741 : unable to destroy actor: not found 
ERROR: failed to destroy actor 59742 : unable to destroy actor: not found 
ERROR: failed to destroy actor 59754 : unable to destroy actor: not found 
ERROR: failed to destroy actor 59757 : unable to destroy actor: not found 
ERROR: failed to destroy actor 59678 : unable to destroy actor: not found 
ERROR: failed to destroy actor 59681 : unable to destroy actor: not found 
ERROR: failed to destroy actor 59690 : unable to destroy actor: not found 
ERROR: failed to destroy actor 59697 : unable to destroy actor: not found 
ERROR: failed to destroy actor 59698 : unable to destroy actor: not found 
ERROR: failed to destroy actor 59710 : unable to destroy actor: not found 
ERROR: failed to destroy actor 59713 : unable to destroy actor: not found 
wrote out\ablation_full\p000_w060_HardRainNoon_Town01_s01.json
  collisions:                1405 (cav=0 hdv=1405)
  VRU collisions:            6 (cav-hit=0 hdv-hit=6)
  phantom brakes suppressed: 0
  actions taken:             {'none': 0, 'decelerate': 0, 'soft_brake': 0, 'hard_brake': 0}
