=== Single run: penetration=0.0 seed=1
INFO:  Found the required file in cache!  Carla/Maps/Nav/Town01.bin 
INFO:  Found the required file in cache!  Carla/Maps/Nav/Town01.bin 
INFO:  Found the required file in cache!  Carla/Maps/TM/Town01.bin 
ERROR: failed to destroy actor 46964 : unable to destroy actor: not found 
ERROR: failed to destroy actor 46970 : unable to destroy actor: not found 
ERROR: failed to destroy actor 46976 : unable to destroy actor: not found 
ERROR: failed to destroy actor 46979 : unable to destroy actor: not found 
ERROR: failed to destroy actor 46984 : unable to destroy actor: not found 
ERROR: failed to destroy actor 46996 : unable to destroy actor: not found 
ERROR: failed to destroy actor 47005 : unable to destroy actor: not found 
ERROR: failed to destroy actor 46920 : unable to destroy actor: not found 
ERROR: failed to destroy actor 46926 : unable to destroy actor: not found 
ERROR: failed to destroy actor 46932 : unable to destroy actor: not found 
ERROR: failed to destroy actor 46935 : unable to destroy actor: not found 
ERROR: failed to destroy actor 46940 : unable to destroy actor: not found 
ERROR: failed to destroy actor 46952 : unable to destroy actor: not found 
ERROR: failed to destroy actor 46961 : unable to destroy actor: not found 
wrote out\ablation_full\p000_w060_ClearNoon_Town01_s01.json
  collisions:                1431 (cav=0 hdv=1431)
  VRU collisions:            3 (cav-hit=0 hdv-hit=3)
  phantom brakes suppressed: 0
  actions taken:             {'none': 0, 'decelerate': 0, 'soft_brake': 0, 'hard_brake': 0}
