=== Single run: penetration=0.0 seed=0
INFO:  Found the required file in cache!  Carla/Maps/Nav/Town10HD_Opt.bin 
INFO:  Found the required file in cache!  Carla/Maps/Nav/Town10HD_Opt.bin 
INFO:  Found the required file in cache!  Carla/Maps/TM/Town10HD_Opt.bin 
ERROR: failed to destroy actor 36517 : unable to destroy actor: not found 
ERROR: failed to destroy actor 36527 : unable to destroy actor: not found 
ERROR: failed to destroy actor 36543 : unable to destroy actor: not found 
ERROR: failed to destroy actor 36544 : unable to destroy actor: not found 
ERROR: failed to destroy actor 36557 : unable to destroy actor: not found 
ERROR: failed to destroy actor 36558 : unable to destroy actor: not found 
ERROR: failed to destroy actor 36561 : unable to destroy actor: not found 
ERROR: failed to destroy actor 36565 : unable to destroy actor: not found 
ERROR: failed to destroy actor 36457 : unable to destroy actor: not found 
ERROR: failed to destroy actor 36467 : unable to destroy actor: not found 
ERROR: failed to destroy actor 36483 : unable to destroy actor: not found 
ERROR: failed to destroy actor 36484 : unable to destroy actor: not found 
ERROR: failed to destroy actor 36497 : unable to destroy actor: not found 
ERROR: failed to destroy actor 36498 : unable to destroy actor: not found 
ERROR: failed to destroy actor 36501 : unable to destroy actor: not found 
ERROR: failed to destroy actor 36505 : unable to destroy actor: not found 
wrote out\ablation_full\p000_w060_ClearSunset_Town10HD_Opt_s00.json
  collisions:                1358 (cav=0 hdv=1358)
  VRU collisions:            2 (cav-hit=0 hdv-hit=2)
  phantom brakes suppressed: 0
  actions taken:             {'none': 0, 'decelerate': 0, 'soft_brake': 0, 'hard_brake': 0}
