=== Single run: penetration=0.5 seed=1
INFO:  Found the required file in cache!  Carla/Maps/Nav/Town10HD_Opt.bin 
INFO:  Found the required file in cache!  Carla/Maps/Nav/Town10HD_Opt.bin 
INFO:  Found the required file in cache!  Carla/Maps/TM/Town10HD_Opt.bin 
ERROR: failed to destroy actor 33611 : unable to destroy actor: not found 
ERROR: failed to destroy actor 33615 : unable to destroy actor: not found 
ERROR: failed to destroy actor 33621 : unable to destroy actor: not found 
ERROR: failed to destroy actor 33631 : unable to destroy actor: not found 
ERROR: failed to destroy actor 33643 : unable to destroy actor: not found 
ERROR: failed to destroy actor 33646 : unable to destroy actor: not found 
ERROR: failed to destroy actor 33649 : unable to destroy actor: not found 
ERROR: failed to destroy actor 33650 : unable to destroy actor: not found 
ERROR: failed to destroy actor 33651 : unable to destroy actor: not found 
ERROR: failed to destroy actor 33655 : unable to destroy actor: not found 
ERROR: failed to destroy actor 33552 : unable to destroy actor: not found 
ERROR: failed to destroy actor 33556 : unable to destroy actor: not found 
ERROR: failed to destroy actor 33562 : unable to destroy actor: not found 
ERROR: failed to destroy actor 33572 : unable to destroy actor: not found 
ERROR: failed to destroy actor 33584 : unable to destroy actor: not found 
ERROR: failed to destroy actor 33590 : unable to destroy actor: not found 
ERROR: failed to destroy actor 33591 : unable to destroy actor: not found 
ERROR: failed to destroy actor 33596 : unable to destroy actor: not found 
wrote out\ablation_full\p050_w060_ClearNoon_Town10HD_Opt_s01.json
  collisions:                1434 (cav=709 hdv=725)
  VRU collisions:            4 (cav-hit=2 hdv-hit=2)
  phantom brakes suppressed: 110
  actions taken:             {'none': 60711, 'decelerate': 4044, 'soft_brake': 3849, 'hard_brake': 3396}
