=== Single run: penetration=0.5 seed=2
INFO:  Found the required file in cache!  Carla/Maps/Nav/Town10HD_Opt.bin 
INFO:  Found the required file in cache!  Carla/Maps/Nav/Town10HD_Opt.bin 
INFO:  Found the required file in cache!  Carla/Maps/TM/Town10HD_Opt.bin 
ERROR: failed to destroy actor 38783 : unable to destroy actor: not found 
ERROR: failed to destroy actor 38788 : unable to destroy actor: not found 
ERROR: failed to destroy actor 38790 : unable to destroy actor: not found 
ERROR: failed to destroy actor 38796 : unable to destroy actor: not found 
ERROR: failed to destroy actor 38798 : unable to destroy actor: not found 
ERROR: failed to destroy actor 38805 : unable to destroy actor: not found 
ERROR: failed to destroy actor 38808 : unable to destroy actor: not found 
ERROR: failed to destroy actor 38818 : unable to destroy actor: not found 
ERROR: failed to destroy actor 38820 : unable to destroy actor: not found 
ERROR: failed to destroy actor 38822 : unable to destroy actor: not found 
ERROR: failed to destroy actor 38826 : unable to destroy actor: not found 
ERROR: failed to destroy actor 38833 : unable to destroy actor: not found 
ERROR: failed to destroy actor 38724 : unable to destroy actor: not found 
ERROR: failed to destroy actor 38729 : unable to destroy actor: not found 
ERROR: failed to destroy actor 38731 : unable to destroy actor: not found 
ERROR: failed to destroy actor 38739 : unable to destroy actor: not found 
ERROR: failed to destroy actor 38746 : unable to destroy actor: not found 
ERROR: failed to destroy actor 38749 : unable to destroy actor: not found 
ERROR: failed to destroy actor 38759 : unable to destroy actor: not found 
ERROR: failed to destroy actor 38761 : unable to destroy actor: not found 
ERROR: failed to destroy actor 38763 : unable to destroy actor: not found 
ERROR: failed to destroy actor 38767 : unable to destroy actor: not found 
ERROR: failed to destroy actor 38774 : unable to destroy actor: not found 
wrote out\ablation_full\p050_w060_ClearSunset_Town10HD_Opt_s02.json
  collisions:                1376 (cav=759 hdv=617)
  VRU collisions:            4 (cav-hit=1 hdv-hit=3)
  phantom brakes suppressed: 120
  actions taken:             {'none': 61843, 'decelerate': 4132, 'soft_brake': 3343, 'hard_brake': 2682}
