=== Single run: penetration=0.5 seed=1
INFO:  Found the required file in cache!  Carla/Maps/Nav/Town01.bin 
INFO:  Found the required file in cache!  Carla/Maps/Nav/Town01.bin 
INFO:  Found the required file in cache!  Carla/Maps/TM/Town01.bin 
ERROR: failed to destroy actor 61770 : unable to destroy actor: not found 
ERROR: failed to destroy actor 61786 : unable to destroy actor: not found 
ERROR: failed to destroy actor 61789 : unable to destroy actor: not found 
ERROR: failed to destroy actor 61795 : unable to destroy actor: not found 
ERROR: failed to destroy actor 61799 : unable to destroy actor: not found 
ERROR: failed to destroy actor 61800 : unable to destroy actor: not found 
ERROR: failed to destroy actor 61726 : unable to destroy actor: not found 
ERROR: failed to destroy actor 61742 : unable to destroy actor: not found 
ERROR: failed to destroy actor 61751 : unable to destroy actor: not found 
ERROR: failed to destroy actor 61755 : unable to destroy actor: not found 
ERROR: failed to destroy actor 61756 : unable to destroy actor: not found 
wrote out\ablation_full\p050_w060_HardRainNoon_Town01_s01.json
  collisions:                1401 (cav=639 hdv=762)
  VRU collisions:            5 (cav-hit=1 hdv-hit=4)
  phantom brakes suppressed: 17
  actions taken:             {'none': 67531, 'decelerate': 1643, 'soft_brake': 1859, 'hard_brake': 967}
