=== Single run: penetration=0.5 seed=1
INFO:  Found the required file in cache!  Carla/Maps/Nav/Town10HD_Opt.bin 
INFO:  Found the required file in cache!  Carla/Maps/Nav/Town10HD_Opt.bin 
INFO:  Found the required file in cache!  Carla/Maps/TM/Town10HD_Opt.bin 
ERROR: failed to destroy actor 43314 : unable to destroy actor: not found 
ERROR: failed to destroy actor 43318 : unable to destroy actor: not found 
ERROR: failed to destroy actor 43331 : unable to destroy actor: not found 
ERROR: failed to destroy actor 43333 : unable to destroy actor: not found 
ERROR: failed to destroy actor 43339 : unable to destroy actor: not found 
ERROR: failed to destroy actor 43341 : unable to destroy actor: not found 
ERROR: failed to destroy actor 43343 : unable to destroy actor: not found 
ERROR: failed to destroy actor 43356 : unable to destroy actor: not found 
ERROR: failed to destroy actor 43357 : unable to destroy actor: not found 
ERROR: failed to destroy actor 43359 : unable to destroy actor: not found 
ERROR: failed to destroy actor 43362 : unable to destroy actor: not found 
ERROR: failed to destroy actor 43364 : unable to destroy actor: not found 
ERROR: failed to destroy actor 43366 : unable to destroy actor: not found 
ERROR: failed to destroy actor 43259 : unable to destroy actor: not found 
ERROR: failed to destroy actor 43274 : unable to destroy actor: not found 
ERROR: failed to destroy actor 43280 : unable to destroy actor: not found 
ERROR: failed to destroy actor 43282 : unable to destroy actor: not found 
ERROR: failed to destroy actor 43284 : unable to destroy actor: not found 
ERROR: failed to destroy actor 43297 : unable to destroy actor: not found 
ERROR: failed to destroy actor 43298 : unable to destroy actor: not found 
ERROR: failed to destroy actor 43303 : unable to destroy actor: not found 
ERROR: failed to destroy actor 43305 : unable to destroy actor: not found 
wrote out\ablation_full\p050_w060_HardRainNoon_Town10HD_Opt_s01.json
  collisions:                1407 (cav=692 hdv=715)
  VRU collisions:            1 (cav-hit=1 hdv-hit=0)
  phantom brakes suppressed: 126
  actions taken:             {'none': 61251, 'decelerate': 4396, 'soft_brake': 3958, 'hard_brake': 2395}
