=== Single run: penetration=0.5 seed=4
INFO:  Found the required file in cache!  Carla/Maps/Nav/Town10HD_Opt.bin 
INFO:  Found the required file in cache!  Carla/Maps/Nav/Town10HD_Opt.bin 
INFO:  Found the required file in cache!  Carla/Maps/TM/Town10HD_Opt.bin 
ERROR: failed to destroy actor 34574 : unable to destroy actor: not found 
ERROR: failed to destroy actor 34576 : unable to destroy actor: not found 
ERROR: failed to destroy actor 34579 : unable to destroy actor: not found 
ERROR: failed to destroy actor 34582 : unable to destroy actor: not found 
ERROR: failed to destroy actor 34587 : unable to destroy actor: not found 
ERROR: failed to destroy actor 34592 : unable to destroy actor: not found 
ERROR: failed to destroy actor 34600 : unable to destroy actor: not found 
ERROR: failed to destroy actor 34612 : unable to destroy actor: not found 
ERROR: failed to destroy actor 34618 : unable to destroy actor: not found 
ERROR: failed to destroy actor 34625 : unable to destroy actor: not found 
ERROR: failed to destroy actor 34629 : unable to destroy actor: not found 
ERROR: failed to destroy actor 34515 : unable to destroy actor: not found 
ERROR: failed to destroy actor 34517 : unable to destroy actor: not found 
ERROR: failed to destroy actor 34520 : unable to destroy actor: not found 
ERROR: failed to destroy actor 34523 : unable to destroy actor: not found 
ERROR: failed to destroy actor 34528 : unable to destroy actor: not found 
ERROR: failed to destroy actor 34533 : unable to destroy actor: not found 
ERROR: failed to destroy actor 34541 : unable to destroy actor: not found 
ERROR: failed to destroy actor 34553 : unable to destroy actor: not found 
ERROR: failed to destroy actor 34559 : unable to destroy actor: not found 
ERROR: failed to destroy actor 34570 : unable to destroy actor: not found 
wrote out\ablation_full\p050_w060_ClearNoon_Town10HD_Opt_s04.json
  collisions:                1432 (cav=743 hdv=689)
  VRU collisions:            4 (cav-hit=2 hdv-hit=2)
  phantom brakes suppressed: 114
  actions taken:             {'none': 62708, 'decelerate': 4579, 'soft_brake': 2842, 'hard_brake': 1871}
