=== Single run: penetration=0.5 seed=3
INFO:  Found the required file in cache!  Carla/Maps/Nav/Town10HD_Opt.bin 
INFO:  Found the required file in cache!  Carla/Maps/Nav/Town10HD_Opt.bin 
INFO:  Found the required file in cache!  Carla/Maps/TM/Town10HD_Opt.bin 
ERROR: failed to destroy actor 39119 : unable to destroy actor: not found 
ERROR: failed to destroy actor 39121 : unable to destroy actor: not found 
ERROR: failed to destroy actor 39131 : unable to destroy actor: not found 
ERROR: failed to destroy actor 39134 : unable to destroy actor: not found 
ERROR: failed to destroy actor 39144 : unable to destroy actor: not found 
ERROR: failed to destroy actor 39145 : unable to destroy actor: not found 
ERROR: failed to destroy actor 39149 : unable to destroy actor: not found 
ERROR: failed to destroy actor 39154 : unable to destroy actor: not found 
ERROR: failed to destroy actor 39155 : unable to destroy actor: not found 
ERROR: failed to destroy actor 39060 : unable to destroy actor: not found 
ERROR: failed to destroy actor 39062 : unable to destroy actor: not found 
ERROR: failed to destroy actor 39072 : unable to destroy actor: not found 
ERROR: failed to destroy actor 39085 : unable to destroy actor: not found 
ERROR: failed to destroy actor 39086 : unable to destroy actor: not found 
ERROR: failed to destroy actor 39090 : unable to destroy actor: not found 
ERROR: failed to destroy actor 39095 : unable to destroy actor: not found 
ERROR: failed to destroy actor 39096 : unable to destroy actor: not found 
wrote out\ablation_full\p050_w060_ClearSunset_Town10HD_Opt_s03.json
  collisions:                1396 (cav=766 hdv=630)
  VRU collisions:            3 (cav-hit=2 hdv-hit=1)
  phantom brakes suppressed: 75
  actions taken:             {'none': 62635, 'decelerate': 3713, 'soft_brake': 3415, 'hard_brake': 2237}
