=== Single run: penetration=0.5 seed=3
INFO:  Found the required file in cache!  Carla/Maps/Nav/Town10HD_Opt.bin 
INFO:  Found the required file in cache!  Carla/Maps/Nav/Town10HD_Opt.bin 
INFO:  Found the required file in cache!  Carla/Maps/TM/Town10HD_Opt.bin 
ERROR: failed to destroy actor 34257 : unable to destroy actor: not found 
ERROR: failed to destroy actor 34259 : unable to destroy actor: not found 
ERROR: failed to destroy actor 34261 : unable to destroy actor: not found 
ERROR: failed to destroy actor 34262 : unable to destroy actor: not found 
ERROR: failed to destroy actor 34264 : unable to destroy actor: not found 
ERROR: failed to destroy actor 34291 : unable to destroy actor: not found 
ERROR: failed to destroy actor 34300 : unable to destroy actor: not found 
ERROR: failed to destroy actor 34304 : unable to destroy actor: not found 
ERROR: failed to destroy actor 34306 : unable to destroy actor: not found 
ERROR: failed to destroy actor 34200 : unable to destroy actor: not found 
ERROR: failed to destroy actor 34203 : unable to destroy actor: not found 
ERROR: failed to destroy actor 34205 : unable to destroy actor: not found 
ERROR: failed to destroy actor 34232 : unable to destroy actor: not found 
ERROR: failed to destroy actor 34241 : unable to destroy actor: not found 
ERROR: failed to destroy actor 34245 : unable to destroy actor: not found 
ERROR: failed to destroy actor 34247 : unable to destroy actor: not found 
wrote out\ablation_full\p050_w060_ClearNoon_Town10HD_Opt_s03.json
  collisions:                1432 (cav=765 hdv=667)
  VRU collisions:            1 (cav-hit=1 hdv-hit=0)
  phantom brakes suppressed: 54
  actions taken:             {'none': 62307, 'decelerate': 3825, 'soft_brake': 3296, 'hard_brake': 2572}
