=== Single run: penetration=0.5 seed=4
INFO:  Found the required file in cache!  Carla/Maps/Nav/Town10HD_Opt.bin 
INFO:  Found the required file in cache!  Carla/Maps/Nav/Town10HD_Opt.bin 
INFO:  Found the required file in cache!  Carla/Maps/TM/Town10HD_Opt.bin 
ERROR: failed to destroy actor 39428 : unable to destroy actor: not found 
ERROR: failed to destroy actor 39429 : unable to destroy actor: not found 
ERROR: failed to destroy actor 39433 : unable to destroy actor: not found 
ERROR: failed to destroy actor 39434 : unable to destroy actor: not found 
ERROR: failed to destroy actor 39436 : unable to destroy actor: not found 
ERROR: failed to destroy actor 39438 : unable to destroy actor: not found 
ERROR: failed to destroy actor 39439 : unable to destroy actor: not found 
ERROR: failed to destroy actor 39454 : unable to destroy actor: not found 
ERROR: failed to destroy actor 39456 : unable to destroy actor: not found 
ERROR: failed to destroy actor 39458 : unable to destroy actor: not found 
ERROR: failed to destroy actor 39462 : unable to destroy actor: not found 
ERROR: failed to destroy actor 39464 : unable to destroy actor: not found 
ERROR: failed to destroy actor 39472 : unable to destroy actor: not found 
ERROR: failed to destroy actor 39483 : unable to destroy actor: not found 
ERROR: failed to destroy actor 39369 : unable to destroy actor: not found 
ERROR: failed to destroy actor 39375 : unable to destroy actor: not found 
ERROR: failed to destroy actor 39377 : unable to destroy actor: not found 
ERROR: failed to destroy actor 39379 : unable to destroy actor: not found 
ERROR: failed to destroy actor 39380 : unable to destroy actor: not found 
ERROR: failed to destroy actor 39395 : unable to destroy actor: not found 
ERROR: failed to destroy actor 39397 : unable to destroy actor: not found 
ERROR: failed to destroy actor 39399 : unable to destroy actor: not found 
ERROR: failed to destroy actor 39403 : unable to destroy actor: not found 
ERROR: failed to destroy actor 39405 : unable to destroy actor: not found 
ERROR: failed to destroy actor 39413 : unable to destroy actor: not found 
ERROR: failed to destroy actor 39424 : unable to destroy actor: not found 
wrote out\ablation_full\p050_w060_ClearSunset_Town10HD_Opt_s04.json
  collisions:                1416 (cav=794 hdv=622)
  VRU collisions:            5 (cav-hit=1 hdv-hit=4)
  phantom brakes suppressed: 82
  actions taken:             {'none': 61266, 'decelerate': 3969, 'soft_brake': 3394, 'hard_brake': 3371}
