=== Single run: penetration=0.5 seed=4
INFO:  Found the required file in cache!  Carla/Maps/Nav/Town10HD_Opt.bin 
INFO:  Found the required file in cache!  Carla/Maps/Nav/Town10HD_Opt.bin 
INFO:  Found the required file in cache!  Carla/Maps/TM/Town10HD_Opt.bin 
ERROR: failed to destroy actor 44287 : unable to destroy actor: not found 
ERROR: failed to destroy actor 44290 : unable to destroy actor: not found 
ERROR: failed to destroy actor 44292 : unable to destroy actor: not found 
ERROR: failed to destroy actor 44300 : unable to destroy actor: not found 
ERROR: failed to destroy actor 44305 : unable to destroy actor: not found 
ERROR: failed to destroy actor 44325 : unable to destroy actor: not found 
ERROR: failed to destroy actor 44326 : unable to destroy actor: not found 
ERROR: failed to destroy actor 44231 : unable to destroy actor: not found 
ERROR: failed to destroy actor 44233 : unable to destroy actor: not found 
ERROR: failed to destroy actor 44241 : unable to destroy actor: not found 
ERROR: failed to destroy actor 44266 : unable to destroy actor: not found 
ERROR: failed to destroy actor 44267 : unable to destroy actor: not found 
wrote out\ablation_full\p050_w060_HardRainNoon_Town10HD_Opt_s04.json
  collisions:                1396 (cav=749 hdv=647)
  VRU collisions:            4 (cav-hit=0 hdv-hit=4)
  phantom brakes suppressed: 79
  actions taken:             {'none': 61748, 'decelerate': 4186, 'soft_brake': 3645, 'hard_brake': 2421}
