=== Single run: penetration=0.5 seed=2
INFO:  Found the required file in cache!  Carla/Maps/Nav/Town10HD_Opt.bin 
INFO:  Found the required file in cache!  Carla/Maps/Nav/Town10HD_Opt.bin 
INFO:  Found the required file in cache!  Carla/Maps/TM/Town10HD_Opt.bin 
ERROR: failed to destroy actor 33930 : unable to destroy actor: not found 
ERROR: failed to destroy actor 33934 : unable to destroy actor: not found 
ERROR: failed to destroy actor 33935 : unable to destroy actor: not found 
ERROR: failed to destroy actor 33936 : unable to destroy actor: not found 
ERROR: failed to destroy actor 33942 : unable to destroy actor: not found 
ERROR: failed to destroy actor 33944 : unable to destroy actor: not found 
ERROR: failed to destroy actor 33946 : unable to destroy actor: not found 
ERROR: failed to destroy actor 33958 : unable to destroy actor: not found 
ERROR: failed to destroy actor 33972 : unable to destroy actor: not found 
ERROR: failed to destroy actor 33977 : unable to destroy actor: not found 
ERROR: failed to destroy actor 33983 : unable to destroy actor: not found 
ERROR: failed to destroy actor 33871 : unable to destroy actor: not found 
ERROR: failed to destroy actor 33875 : unable to destroy actor: not found 
ERROR: failed to destroy actor 33876 : unable to destroy actor: not found 
ERROR: failed to destroy actor 33877 : unable to destroy actor: not found 
ERROR: failed to destroy actor 33885 : unable to destroy actor: not found 
ERROR: failed to destroy actor 33887 : unable to destroy actor: not found 
ERROR: failed to destroy actor 33913 : unable to destroy actor: not found 
ERROR: failed to destroy actor 33918 : unable to destroy actor: not found 
ERROR: failed to destroy actor 33924 : unable to destroy actor: not found 
wrote out\ablation_full\p050_w060_ClearNoon_Town10HD_Opt_s02.json
  collisions:                1388 (cav=748 hdv=640)
  VRU collisions:            2 (cav-hit=0 hdv-hit=2)
  phantom brakes suppressed: 103
  actions taken:             {'none': 59731, 'decelerate': 4308, 'soft_brake': 4061, 'hard_brake': 3900}
