=== Single run: penetration=1.0 seed=0
INFO:  Found the required file in cache!  Carla/Maps/Nav/Town10HD_Opt.bin 
INFO:  Found the required file in cache!  Carla/Maps/Nav/Town10HD_Opt.bin 
INFO:  Found the required file in cache!  Carla/Maps/TM/Town10HD_Opt.bin 
ERROR: failed to destroy actor 39753 : unable to destroy actor: not found 
ERROR: failed to destroy actor 39759 : unable to destroy actor: not found 
ERROR: failed to destroy actor 39760 : unable to destroy actor: not found 
ERROR: failed to destroy actor 39763 : unable to destroy actor: not found 
ERROR: failed to destroy actor 39780 : unable to destroy actor: not found 
ERROR: failed to destroy actor 39786 : unable to destroy actor: not found 
ERROR: failed to destroy actor 39793 : unable to destroy actor: not found 
ERROR: failed to destroy actor 39795 : unable to destroy actor: not found 
ERROR: failed to destroy actor 39797 : unable to destroy actor: not found 
ERROR: failed to destroy actor 39800 : unable to destroy actor: not found 
ERROR: failed to destroy actor 39802 : unable to destroy actor: not found 
ERROR: failed to destroy actor 39806 : unable to destroy actor: not found 
ERROR: failed to destroy actor 39693 : unable to destroy actor: not found 
ERROR: failed to destroy actor 39699 : unable to destroy actor: not found 
ERROR: failed to destroy actor 39700 : unable to destroy actor: not found 
ERROR: failed to destroy actor 39703 : unable to destroy actor: not found 
ERROR: failed to destroy actor 39720 : unable to destroy actor: not found 
ERROR: failed to destroy actor 39726 : unable to destroy actor: not found 
ERROR: failed to destroy actor 39733 : unable to destroy actor: not found 
ERROR: failed to destroy actor 39735 : unable to destroy actor: not found 
ERROR: failed to destroy actor 39737 : unable to destroy actor: not found 
ERROR: failed to destroy actor 39740 : unable to destroy actor: not found 
ERROR: failed to destroy actor 39742 : unable to destroy actor: not found 
ERROR: failed to destroy actor 39746 : unable to destroy actor: not found 
wrote out\ablation_full\p100_w060_ClearSunset_Town10HD_Opt_s00.json
  collisions:                1421 (cav=1421 hdv=0)
  VRU collisions:            4 (cav-hit=4 hdv-hit=0)
  phantom brakes suppressed: 188
  actions taken:             {'none': 122571, 'decelerate': 8742, 'soft_brake': 6975, 'hard_brake': 5712}
