=== Single run: penetration=1.0 seed=4
INFO:  Found the required file in cache!  Carla/Maps/Nav/Town10HD_Opt.bin 
INFO:  Found the required file in cache!  Carla/Maps/Nav/Town10HD_Opt.bin 
INFO:  Found the required file in cache!  Carla/Maps/TM/Town10HD_Opt.bin 
ERROR: failed to destroy actor 41047 : unable to destroy actor: not found 
ERROR: failed to destroy actor 41052 : unable to destroy actor: not found 
ERROR: failed to destroy actor 41053 : unable to destroy actor: not found 
ERROR: failed to destroy actor 41054 : unable to destroy actor: not found 
ERROR: failed to destroy actor 41059 : unable to destroy actor: not found 
ERROR: failed to destroy actor 41072 : unable to destroy actor: not found 
ERROR: failed to destroy actor 41080 : unable to destroy actor: not found 
ERROR: failed to destroy actor 41085 : unable to destroy actor: not found 
ERROR: failed to destroy actor 41087 : unable to destroy actor: not found 
ERROR: failed to destroy actor 41090 : unable to destroy actor: not found 
ERROR: failed to destroy actor 41099 : unable to destroy actor: not found 
ERROR: failed to destroy actor 41101 : unable to destroy actor: not found 
ERROR: failed to destroy actor 40988 : unable to destroy actor: not found 
ERROR: failed to destroy actor 40993 : unable to destroy actor: not found 
ERROR: failed to destroy actor 40994 : unable to destroy actor: not found 
ERROR: failed to destroy actor 40995 : unable to destroy actor: not found 
ERROR: failed to destroy actor 41000 : unable to destroy actor: not found 
ERROR: failed to destroy actor 41013 : unable to destroy actor: not found 
ERROR: failed to destroy actor 41021 : unable to destroy actor: not found 
ERROR: failed to destroy actor 41026 : unable to destroy actor: not found 
ERROR: failed to destroy actor 41028 : unable to destroy actor: not found 
ERROR: failed to destroy actor 41031 : unable to destroy actor: not found 
ERROR: failed to destroy actor 41040 : unable to destroy actor: not found 
ERROR: failed to destroy actor 41042 : unable to destroy actor: not found 
wrote out\ablation_full\p100_w060_ClearSunset_Town10HD_Opt_s04.json
  collisions:                1423 (cav=1423 hdv=0)
  VRU collisions:            2 (cav-hit=2 hdv-hit=0)
  phantom brakes suppressed: 220
  actions taken:             {'none': 126294, 'decelerate': 7171, 'soft_brake': 5965, 'hard_brake': 4570}
