=== Single run: penetration=1.0 seed=4
INFO:  Found the required file in cache!  Carla/Maps/Nav/Town10HD_Opt.bin 
INFO:  Found the required file in cache!  Carla/Maps/Nav/Town10HD_Opt.bin 
INFO:  Found the required file in cache!  Carla/Maps/TM/Town10HD_Opt.bin 
ERROR: failed to destroy actor 36194 : unable to destroy actor: not found 
ERROR: failed to destroy actor 36200 : unable to destroy actor: not found 
ERROR: failed to destroy actor 36202 : unable to destroy actor: not found 
ERROR: failed to destroy actor 36203 : unable to destroy actor: not found 
ERROR: failed to destroy actor 36215 : unable to destroy actor: not found 
ERROR: failed to destroy actor 36218 : unable to destroy actor: not found 
ERROR: failed to destroy actor 36235 : unable to destroy actor: not found 
ERROR: failed to destroy actor 36236 : unable to destroy actor: not found 
ERROR: failed to destroy actor 36237 : unable to destroy actor: not found 
ERROR: failed to destroy actor 36243 : unable to destroy actor: not found 
ERROR: failed to destroy actor 36245 : unable to destroy actor: not found 
ERROR: failed to destroy actor 36247 : unable to destroy actor: not found 
ERROR: failed to destroy actor 36135 : unable to destroy actor: not found 
ERROR: failed to destroy actor 36141 : unable to destroy actor: not found 
ERROR: failed to destroy actor 36143 : unable to destroy actor: not found 
ERROR: failed to destroy actor 36144 : unable to destroy actor: not found 
ERROR: failed to destroy actor 36156 : unable to destroy actor: not found 
ERROR: failed to destroy actor 36159 : unable to destroy actor: not found 
ERROR: failed to destroy actor 36176 : unable to destroy actor: not found 
ERROR: failed to destroy actor 36177 : unable to destroy actor: not found 
ERROR: failed to destroy actor 36186 : unable to destroy actor: not found 
ERROR: failed to destroy actor 36188 : unable to destroy actor: not found 
wrote out\ablation_full\p100_w060_ClearNoon_Town10HD_Opt_s04.json
  collisions:                1392 (cav=1392 hdv=0)
  VRU collisions:            4 (cav-hit=4 hdv-hit=0)
  phantom brakes suppressed: 198
  actions taken:             {'none': 124530, 'decelerate': 7141, 'soft_brake': 5962, 'hard_brake': 6367}
