INFO:  Found the required file in cache!  Carla/Maps/Nav/Town05.bin 
INFO:  Found the required file in cache!  Carla/Maps/Nav/Town10HD_Opt.bin 
INFO:  Found the required file in cache!  Carla/Maps/Nav/Town10HD_Opt.bin 
INFO:  Found the required file in cache!  Carla/Maps/TM/Town10HD_Opt.bin 
ERROR: failed to destroy actor 39355 : unable to destroy actor: not found 
ERROR: failed to destroy actor 39360 : unable to destroy actor: not found 
ERROR: failed to destroy actor 39389 : unable to destroy actor: not found 
ERROR: failed to destroy actor 39399 : unable to destroy actor: not found 
ERROR: failed to destroy actor 39401 : unable to destroy actor: not found 
ERROR: failed to destroy actor 39295 : unable to destroy actor: not found 
ERROR: failed to destroy actor 39300 : unable to destroy actor: not found 
ERROR: failed to destroy actor 39329 : unable to destroy actor: not found 
ERROR: failed to destroy actor 39339 : unable to destroy actor: not found 
ERROR: failed to destroy actor 39341 : unable to destroy actor: not found 
=== Single run: penetration=0.0 seed=0
wrote out/ablation_G/v2v_only\p000_w060_ClearNoon_Town10HD_Opt_s00.json
  collisions:                9 (cav=0 hdv=9)
  VRU collisions:            1 (cav-hit=0 hdv-hit=1)
  phantom brakes suppressed: 0
  actions taken:             {'none': 0, 'decelerate': 0, 'soft_brake': 0, 'hard_brake': 0}
