INFO:  Found the required file in cache!  Carla/Maps/Nav/Town05.bin 
INFO:  Found the required file in cache!  Carla/Maps/Nav/Town10HD_Opt.bin 
INFO:  Found the required file in cache!  Carla/Maps/Nav/Town10HD_Opt.bin 
INFO:  Found the required file in cache!  Carla/Maps/TM/Town10HD_Opt.bin 
ERROR: failed to destroy actor 69080 : unable to destroy actor: not found 
ERROR: failed to destroy actor 69084 : unable to destroy actor: not found 
ERROR: failed to destroy actor 69112 : unable to destroy actor: not found 
ERROR: failed to destroy actor 69115 : unable to destroy actor: not found 
ERROR: failed to destroy actor 69116 : unable to destroy actor: not found 
ERROR: failed to destroy actor 69122 : unable to destroy actor: not found 
ERROR: failed to destroy actor 69124 : unable to destroy actor: not found 
ERROR: failed to destroy actor 69020 : unable to destroy actor: not found 
ERROR: failed to destroy actor 69024 : unable to destroy actor: not found 
ERROR: failed to destroy actor 69052 : unable to destroy actor: not found 
ERROR: failed to destroy actor 69055 : unable to destroy actor: not found 
ERROR: failed to destroy actor 69056 : unable to destroy actor: not found 
ERROR: failed to destroy actor 69062 : unable to destroy actor: not found 
ERROR: failed to destroy actor 69064 : unable to destroy actor: not found 
=== Single run: penetration=0.0 seed=0
wrote out/ablation_G2/v2v_only\p000_w060_ClearNoon_Town10HD_Opt_s00.json
  collisions:                11 (cav=0 hdv=11)
  VRU collisions:            3 (cav-hit=0 hdv-hit=3)
  phantom brakes suppressed: 0
  actions taken:             {'none': 0, 'decelerate': 0, 'soft_brake': 0, 'hard_brake': 0}
